---
source: tests/spec/emit/types.rs
description: "input: \ntype B<T> = Map<T, int>\ntype A<T> = B<T>\n\nstruct Box<T> {\n  table: A<T>,\n}\n\nfn main() {\n  let b = Box { table: Map.new<string, int>() }\n  let _ = b\n}\n"
---
package main

import "fmt"

type B[T comparable] = map[T]int

type A[T comparable] = B[T]

type Box[T comparable] struct {
	table A[T]
}

func (b Box[T]) String() string {
	return fmt.Sprintf("Box { table: %v }", b.table)
}

func main() {
	b := Box[string]{table: make(map[string]int)}
	_ = b
}
