---
source: tests/spec/emit/patterns.rs
description: "input: \nstruct Point { x: int, y: int }\n\nfn test(pair: (Point, int)) -> int {\n  match pair {\n    (Point { x, .. } as p, z) => p.x + z,\n  }\n}\n"
---
package main

import lisette "github.com/ivov/lisette/prelude"

type Point struct {
	x int
	y int
}

func test(pair lisette.Tuple2[Point, int]) int {
	return pair.First.x + pair.Second
}
