---
source: tests/spec/emit/control_flow.rs
description: |
  
  fn test() {
    let mut i = 0;
    while i < 100 {
      let v = match i >= 5 {
        true => break,
        false => i,
      };
      let _ = v;
      i += 1;
    }
  }
---
package main

func test() {
	i := 0
loop_1:
	for i < 100 {
		var v int
		subject_2 := i >= 5
		if subject_2 {
			break loop_1
		}
		v = i
		_ = v
		i++
	}
}
