---
source: tests/spec/emit/control_flow.rs
description: |
  
  fn find_first_negative(items: Slice<int>) -> int {
    let mut result = 0
    for item in items {
      match item {
        n if n < 0 => { result = n; break },
        _ => (),
      }
    }
    result
  }
---
package main

func find_first_negative(items []int) int {
	result := 0
loop_1:
	for _, item := range items {
		subject_2 := item
	match_3:
		for {
			{
				n := subject_2
				if n < 0 {
					result = n
					break loop_1
				}
			}
			{
				break match_3
			}
		}
	}
	return result
}
