---
source: tests/spec/emit/go_interface_adapter.rs
description: |
  
  import "go:example.com/svc"
  
  struct Loader {}
  
  impl Loader {
    fn Load(self, key: string) -> Result<int, error> {
      Ok(1)
    }
  }
  
  fn run(s: svc.Alias) -> int {
    match s.Load("k") {
      Ok(n) => n,
      Err(_) => 0,
    }
  }
  
  fn main() {
    let l = Loader {}
    let _ = run(l as svc.Alias)
  }
---
package main

import (
	"example.com/svc"
	lisette "github.com/ivov/lisette/prelude"
)

type Loader struct{}

func (l Loader) Load(_ string) (int, error) {
	return 1, nil
}

func run(s svc.Alias) int {
	ret_2, ret_3 := s.Load("k")
	var result_4 lisette.Result[int, error]
	if ret_3 != nil {
		result_4 = lisette.MakeResultErr[int, error](ret_3)
	} else {
		result_4 = lisette.MakeResultOk[int, error](ret_2)
	}
	subject_1 := result_4
	if subject_1.Tag == lisette.ResultOk {
		return subject_1.OkVal
	}
	return 0
}

func main() {
	l := Loader{}
	_ = run(l)
}
