---
source: tests/spec/emit/result_option_patterns.rs
description: |
  
  fn get_value() -> Option<int> {
    Some(42)
  }
  
  fn test() -> Option<int> {
    let x = get_value();
    x
  }
---
package main

import lisette "github.com/ivov/lisette/prelude"

func get_value() (int, bool) {
	return 42, true
}

func test() (int, bool) {
	option_1 := lisette.OptionFromCommaOk[int](get_value())
	x := option_1
	v_2 := x
	if v_2.Tag == lisette.OptionSome {
		return v_2.SomeVal, true
	}
	return *new(int), false
}
