---
source: tests/spec/emit/control_flow.rs
description: |
  
  fn sum_positives(items: Slice<int>) -> int {
    let mut sum = 0
    for item in items {
      match item {
        n if n > 0 => sum += n,
        _ => continue,
      }
    }
    sum
  }
---
package main

func sum_positives(items []int) int {
	sum := 0
loop_1:
	for _, item := range items {
		subject_2 := item
	match_3:
		for {
			{
				n := subject_2
				if n > 0 {
					sum += n
					break match_3
				}
			}
			{
				continue loop_1
			}
		}
	}
	return sum
}
