---
source: tests/spec/emit/types.rs
description: "input: \n#[displayable]\nenum Color { Red, Green }\n"
---
package main

import "fmt"

func MakeColorRed() Color {
	return Color{Tag: ColorRed}
}

func MakeColorGreen() Color {
	return Color{Tag: ColorGreen}
}

type ColorTag int

const (
	ColorRed ColorTag = iota
	ColorGreen
)

type Color struct {
	Tag ColorTag
}

func (c Color) String() string {
	switch c.Tag {
	case ColorRed:
		return "Red"
	case ColorGreen:
		return "Green"
	default:
		return fmt.Sprintf("Color(%d)", c.Tag)
	}
}

func (c Color) GoString() string {
	switch c.Tag {
	case ColorRed:
		return "Color.Red"
	case ColorGreen:
		return "Color.Green"
	default:
		return fmt.Sprintf("Color(%d)", c.Tag)
	}
}

func (c Color) to_string() string {
	return c.String()
}
