---
source: tests/spec/emit/types.rs
description: "input: \n/// Result of a network operation.\nenum NetworkResult {\n  /// The operation succeeded.\n  Success,\n  /// The operation timed out.\n  Timeout,\n  /// The operation failed with an error code.\n  Error(int),\n}\n"
---
package main

func MakeNetworkResultSuccess() NetworkResult {
	return NetworkResult{Tag: NetworkResultSuccess}
}

func MakeNetworkResultTimeout() NetworkResult {
	return NetworkResult{Tag: NetworkResultTimeout}
}

func MakeNetworkResultError(arg0 int) NetworkResult {
	return NetworkResult{Tag: NetworkResultError, Error: arg0}
}

// Result of a network operation.
type NetworkResultTag int

const (
	// The operation succeeded.
	NetworkResultSuccess NetworkResultTag = iota
	// The operation timed out.
	NetworkResultTimeout
	// The operation failed with an error code.
	NetworkResultError
)

type NetworkResult struct {
	Tag   NetworkResultTag
	Error int
}
