---
source: tests/spec/emit/types.rs
description: "input: \nstruct Inner { x: int }\nstruct A(Inner)\nstruct B(A)\n\nfn main() {\n  let mut w = B(A(Inner { x: 1 }))\n  let mut inner = w.0.0\n  inner.x = 2\n  w = B(A(inner))\n}\n"
---
package main

type Inner struct {
	x int
}

type A Inner

type B A

func main() {
	w := B(A(Inner{x: 1}))
	inner := Inner(A(w))
	inner.x = 2
	w = B(A(inner))
}
