---
source: tests/spec/emit/control_flow.rs
description: "input: \nfn track(flag: Ref<bool>) -> Result<int, error> {\n  flag.* = true\n  Ok(1)\n}\n\nfn test() {\n  let mut ran = false\n  if true {\n    let _ = 1\n  } else if track(&ran).is_ok() {\n    let _ = 2\n  } else {\n    let _ = 3\n  }\n}\n"
---
package main

import lisette "github.com/ivov/lisette/prelude"

func track(flag *bool) (int, error) {
	*flag = true
	return 1, nil
}

func test() {
	ran := false
	if true {
	} else {
		ret_1, ret_2 := track(&ran)
		var result_3 lisette.Result[int, error]
		if ret_2 != nil {
			result_3 = lisette.MakeResultErr[int, error](ret_2)
		} else {
			result_3 = lisette.MakeResultOk[int, error](ret_1)
		}
		if result_3.IsOk() {
		} else {
		}
	}
}
