---
source: tests/spec/emit/types.rs
description: "input: \nenum E {\n  Tag { x: int },\n  Other { x: int },\n}\n\nfn main() {\n  let e = E.Tag { x: 1 }\n  let _ = e\n}\n"
---
package main

func MakeETag(arg0 int) E {
	return E{Tag: ETag_, X: arg0}
}

func MakeEOther(arg0 int) E {
	return E{Tag: EOther, X: arg0}
}

type ETag int

const (
	ETag_ ETag = iota
	EOther
)

type E struct {
	Tag ETag
	X   int
}

func main() {
	e := E{
		Tag: ETag_,
		X:   1,
	}
	_ = e
}
