---
source: tests/spec/emit/prelude.rs
description: "input: \nfn test(s: Slice<int>) -> int {\n  s.enumerate().fold(0, |acc, (i, v)| acc + i * v)\n}\n"
---
package main

import lisette "github.com/ivov/lisette/prelude"

func test(s []int) int {
	return lisette.EnumeratedSliceFold(s, 0, func(acc int, arg_1 lisette.Tuple2[int, int]) int {
		return acc + arg_1.First*arg_1.Second
	})
}
