---
source: tests/spec/emit/types.rs
description: "\n#[equality]\nstruct Box<T: Comparable> { value: T }\n\nimpl<T: Comparable> Box<T> {\n  fn equals(self, other: Box<T>) -> bool {\n    self.value == other.value\n  }\n}\n"
---
package main

type Box[T comparable] struct {
	value T
}

func (b Box[T]) equals(other Box[T]) bool {
	return b.value == other.value
}
