---
source: tests/spec/emit/types.rs
description: "input: \nstruct Stack<T> { items: Slice<T> }\n\nimpl<T> Stack<T> {\n  fn new() -> Stack<T> {\n    Stack { items: [] }\n  }\n}\n\nfn test() {\n  let s: Stack<int> = Stack.new();\n}\n"
---
package main

type Stack[T any] struct {
	items []T
}

func Stack_new[T any]() Stack[T] {
	return Stack[T]{}
}

func test() {
	_ = Stack_new[int]()
}
