---
source: tests/spec/emit/functions.rs
description: |
  
  fn default_value<T>() -> Option<T> {
    None
  }
  
  fn test() -> Option<int> {
    default_value()
  }
---
package main

func default_value[T any]() (T, bool) {
	return *new(T), false
}

func test() (int, bool) {
	return default_value[int]()
}
