---
source: tests/spec/emit/result_option_patterns.rs
description: |
  
  import "go:net"
  
  fn main() {
    match net.SplitHostPort("localhost:8080") {
      Ok((host, port)) => {
        let _ = host
        let _ = port
        ()
      },
      Err(e) => {
        let _ = e
        ()
      },
    }
  }
---
package main

import (
	lisette "github.com/ivov/lisette/prelude"
	"net"
)

func main() {
	ret_2, ret_3, ret_4 := net.SplitHostPort("localhost:8080")
	tup_5 := lisette.MakeTuple2(ret_2, ret_3)
	var result_6 lisette.Result[lisette.Tuple2[string, string], error]
	if ret_4 != nil {
		result_6 = lisette.MakeResultErr[lisette.Tuple2[string, string], error](ret_4)
	} else {
		result_6 = lisette.MakeResultOk[lisette.Tuple2[string, string], error](tup_5)
	}
	if result_6.Tag == lisette.ResultOk {
		_ = result_6.OkVal.First
		_ = result_6.OkVal.Second
	} else {
		_ = result_6.ErrVal
	}
}
