---
source: tests/spec/emit/control_flow.rs
description: "input: \nstruct Box<T> { v: T }\n\nfn test() -> int {\n  let b = Box { v: 1 }\n  if b == Box { v: 2 } {\n    1\n  } else {\n    0\n  }\n}\n"
---
package main

type Box[T any] struct {
	v T
}

func test() int {
	b := Box[int]{v: 1}
	if b == (Box[int]{v: 2}) {
		return 1
	}
	return 0
}
