---
source: tests/spec/emit/types.rs
description: |
  
  import "go:fmt"
  
  interface Stringer {
    fn string_value() -> string
  }
  
  fn print_it<T: Stringer>(x: T) {
    let s = x.string_value();
    fmt.Print(f"{s}\n");
  }
---
package main

import "fmt"

type Stringer interface {
	string_value() string
}

func print_it[T Stringer](x T) {
	s := x.string_value()
	fmt.Printf("%s\n", s)
}
