---
source: tests/spec/emit/interop_matrix.rs
description: "input: \nimport \"go:crypto/sha256\"\n\nfn main() {\n  let data: Slice<uint8> = []\n  let out = (sha256.Sum256)(data)\n  let out2 = out.append(1)\n  let _ = out2\n}\n"
---
package main

import "crypto/sha256"

func main() {
	data := ([]uint8)(nil)
	arr_1 := sha256.Sum256(data)
	out := arr_1[:]
	_ = append(out, 1)
}
