---
source: tests/spec/emit/interop_matrix.rs
description: |
  
  import "go:example.com/aws"
  
  fn main() {
    let b = aws.Bucket { .. }
    for tag in b.Tags {
      match tag {
        Some(v) => { let _ = v },
        None => {},
      }
    }
  }
---
package main

import (
	"example.com/aws"
	lisette "github.com/ivov/lisette/prelude"
)

func main() {
	b := aws.Bucket{}
	raw_1 := b.Tags
	src_2 := raw_1
	wrapped_3 := make([]lisette.Option[string], len(src_2))
	for i_4, v_5 := range src_2 {
		if v_5 != nil {
			wrapped_3[i_4] = lisette.MakeOptionSome[string](*v_5)
		} else {
			wrapped_3[i_4] = lisette.MakeOptionNone[string]()
		}
	}
	for _, tag := range wrapped_3 {
		if tag.Tag == lisette.OptionSome {
			_ = tag.SomeVal
		}
	}
}
