---
source: tests/spec/emit/interop_matrix.rs
description: |
  
  import "go:fmt"
  import "go:example.com/migrate"
  
  fn main() {
    let (src, db) = migrate.Close()
    match src {
      Some(e) => fmt.Println("source:", e),
      None => {},
    }
    match db {
      Some(e) => fmt.Println("db:", e),
      None => {},
    }
  }
---
package main

import (
	"example.com/migrate"
	"fmt"
	lisette "github.com/ivov/lisette/prelude"
)

func main() {
	ret_2, ret_3 := migrate.Close()
	option_4 := lisette.OptionFromNilable[error](ret_2, lisette.IsNilInterface(ret_2))
	option_5 := lisette.OptionFromNilable[error](ret_3, lisette.IsNilInterface(ret_3))
	tup_6 := lisette.MakeTuple2(option_4, option_5)
	tmp_1 := tup_6
	src := tmp_1.First
	db := tmp_1.Second
	if src.Tag == lisette.OptionSome {
		fmt.Println("source:", src.SomeVal)
	}
	if db.Tag == lisette.OptionSome {
		fmt.Println("db:", db.SomeVal)
	}
}
