---
source: tests/spec/emit/interop_matrix.rs
description: |
  
  import "go:example.com/aws"
  import "go:fmt"
  
  fn main() {
    let buckets: Slice<aws.Bucket> = []
    for bucket in buckets {
      match bucket.Name {
        Some(name) => fmt.Println(name),
        None => {},
      }
    }
  }
---
package main

import (
	"example.com/aws"
	"fmt"
	lisette "github.com/ivov/lisette/prelude"
)

func main() {
	buckets := ([]aws.Bucket)(nil)
	for _, bucket := range buckets {
		raw_2 := bucket.Name
		option_3 := lisette.OptionFromPointer[string](raw_2)
		subject_1 := option_3
		if subject_1.Tag == lisette.OptionSome {
			fmt.Println(subject_1.SomeVal)
		}
	}
}
