---
source: tests/spec/emit/interop_matrix.rs
description: |
  
  import "go:go/ast"
  
  type Objects = Map<string, Option<Ref<ast.Object>>>
  
  fn main() {
    let obj = ast.Object {
      Kind: ast.Bad,
      Name: "x",
      Decl: None,
      Data: None,
      Type: None,
    }
    let mut objects: Objects = Map.new<string, Option<Ref<ast.Object>>>()
    objects["present"] = Some(&obj)
    objects["absent"] = None
    let scope = ast.Scope {
      Outer: None,
      Objects: objects,
    }
    let _ = scope
  }
---
package main

import (
	lisette "github.com/ivov/lisette/prelude"
	"go/ast"
)

type Objects = map[string]lisette.Option[*ast.Object]

func main() {
	obj := ast.Object{
		Kind: ast.Bad,
		Name: "x",
		Decl: lisette.MakeOptionNone[any](),
		Data: lisette.MakeOptionNone[any](),
		Type: lisette.MakeOptionNone[any](),
	}
	objects := make(map[string]lisette.Option[*ast.Object])
	objects["present"] = lisette.MakeOptionSome(&obj)
	objects["absent"] = lisette.MakeOptionNone[*ast.Object]()
	opt_1 := lisette.MakeOptionNone[*ast.Scope]()
	var unwrap_2 *ast.Scope
	if opt_1.Tag == lisette.OptionSome {
		unwrap_2 = opt_1.SomeVal
	}
	src_3 := objects
	unwrapped_4 := make(map[string]*ast.Object, len(src_3))
	for i_5, v_6 := range src_3 {
		if v_6.Tag == lisette.OptionSome {
			unwrapped_4[i_5] = v_6.SomeVal
		} else {
			unwrapped_4[i_5] = nil
		}
	}
	scope := ast.Scope{
		Outer:   unwrap_2,
		Objects: unwrapped_4,
	}
	_ = scope
}
