---
source: tests/spec/emit/interop_matrix.rs
description: |
  
  import "go:crypto/sha256"
  
  fn get(cond: bool) -> fn(Slice<uint8>) -> Slice<uint8> {
    if cond {
      sha256.Sum256
    } else {
      sha256.Sum224
    }
  }
  
  fn main() {
    let f = get(true)
    let data: Slice<uint8> = []
    let out = f(data)
    let _ = out
  }
---
package main

import "crypto/sha256"

func get(cond bool) func([]uint8) []uint8 {
	if cond {
		return func(arg0 []byte) []byte {
			arr_1 := sha256.Sum256(arg0)
			return arr_1[:]
		}
	}
	return func(arg0 []byte) []byte {
		arr_2 := sha256.Sum224(arg0)
		return arr_2[:]
	}
}

func main() {
	f := get(true)
	data := ([]uint8)(nil)
	out := f(data)
	_ = out
}
