---
source: tests/spec/emit/interop_matrix.rs
description: "input: \nimport \"go:example.com/aws\"\nimport \"go:fmt\"\n\nfn main() {\n  let buckets: Slice<aws.Bucket> = []\n  for bucket in buckets {\n    match bucket.Name {\n      Some(name) => fmt.Println(name),\n      None => {},\n    }\n  }\n}\n"
---
package main

import (
	"example.com/aws"
	"fmt"
	lisette "github.com/ivov/lisette/prelude"
)

func main() {
	buckets := ([]aws.Bucket)(nil)
	for _, bucket := range buckets {
		option_3 := lisette.OptionFromPointer[string](bucket.Name)
		subject_1 := option_3
		if subject_1.Tag == lisette.OptionSome {
			fmt.Println(subject_1.SomeVal)
		}
	}
}
