---
source: tests/spec/emit/interop_matrix.rs
description: |
  
  import "go:example.com/aws"
  
  fn main() {
    let n = aws.Node { .. }
    let xs = [Some(&n), None]
    aws.Use(xs...)
  }
---
package main

import (
	"example.com/aws"
	lisette "github.com/ivov/lisette/prelude"
)

func main() {
	n := aws.Node{}
	xs := []lisette.Option[*aws.Node]{
		lisette.MakeOptionSome(&n),
		lisette.MakeOptionNone[*aws.Node](),
	}
	src_1 := xs
	unwrapped_2 := make([]*aws.Node, len(src_1))
	for i_3, v_4 := range src_1 {
		if v_4.Tag == lisette.OptionSome {
			unwrapped_2[i_3] = v_4.SomeVal
		}
	}
	aws.Use(unwrapped_2...)
}
