---
source: tests/spec/emit/interop_matrix.rs
description: |
  
  import "go:fmt"
  import "go:example.com/migrate"
  
  fn main() {
    let (src, db) = migrate.Close()
    match src {
      Some(e) => fmt.Println("source:", e),
      None => {},
    }
    match db {
      Some(e) => fmt.Println("db:", e),
      None => {},
    }
  }
---
package main

import (
	"example.com/migrate"
	"fmt"
	lisette "github.com/ivov/lisette/prelude"
)

func main() {
	src, db := migrate.Close()
	if src.Tag == lisette.OptionSome {
		fmt.Println("source:", src.SomeVal)
	}
	if db.Tag == lisette.OptionSome {
		fmt.Println("db:", db.SomeVal)
	}
}
