---
source: tests/spec/emit/interop_matrix.rs
description: |
  
  import "go:example.com/aws"
  
  fn main() {
    let bucket = aws.Bucket { .. }
    match bucket.Name {
      Some(name) => { let _ = name },
      None => {},
    }
  }
---
package main

import (
	"example.com/aws"
	lisette "github.com/ivov/lisette/prelude"
)

func main() {
	bucket := aws.Bucket{}
	raw_2 := bucket.Name
	option_3 := lisette.OptionFromPointer[string](raw_2)
	subject_1 := option_3
	if subject_1.Tag == lisette.OptionSome {
		_ = subject_1.SomeVal
	}
}
