---
source: tests/spec/emit/types.rs
description: "input: \n#[iterate]\npub enum BuildPhase {\n  Validate,\n  Parse,\n  Codegen,\n}\n\nfn count() -> int {\n  let mut total = 0\n  for _phase in BuildPhase.variants() {\n    total = total + 1\n  }\n  total\n}\n"
---
package main

func MakeBuildPhaseValidate() BuildPhase {
	return BuildPhase{Tag: BuildPhaseValidate}
}

func MakeBuildPhaseParse() BuildPhase {
	return BuildPhase{Tag: BuildPhaseParse}
}

func MakeBuildPhaseCodegen() BuildPhase {
	return BuildPhase{Tag: BuildPhaseCodegen}
}

type BuildPhaseTag int

const (
	BuildPhaseValidate BuildPhaseTag = iota
	BuildPhaseParse
	BuildPhaseCodegen
)

type BuildPhase struct {
	Tag BuildPhaseTag
}

func BuildPhase_variants() []BuildPhase {
	return []BuildPhase{
		{Tag: BuildPhaseValidate},
		{Tag: BuildPhaseParse},
		{Tag: BuildPhaseCodegen},
	}
}

func count() int {
	total := 0
	for range BuildPhase_variants() {
		total++
	}
	return total
}
