---
source: tests/spec/emit/types.rs
description: "input: \n#[json]\nstruct User {\n  name: string,\n  age: int,\n}\n\nfn test() -> string {\n  let u = User { name: \"Alice\", age: 30 };\n  u.name\n}\n"
---
package main

type User struct {
	Name string `json:"name"`
	Age  int    `json:"age"`
}

func test() string {
	u := User{
		Name: "Alice",
		Age:  30,
	}
	return u.Name
}
