---
source: tests/spec/emit/control_flow.rs
description: "input: \nstruct P { v: int }\nfn mk() -> P { P { v: 1 } }\n\nfn test() {\n  let P { v: _ } = mk() else {\n    panic(\"no\")\n  }\n  ()\n}\n"
---
package main

import "fmt"

type P struct {
	v int
}

func (p P) String() string {
	return fmt.Sprintf("P { v: %v }", p.v)
}

func mk() P {
	return P{v: 1}
}

func test() {
	_ = mk()
}
