---
source: tests/spec/emit/control_flow.rs
description: |
  
  fn test() -> int {
    let opt: Option<int> = Some(99)
    let Some(opt) = opt else { return 0; };
    opt
  }
---
package main

import lisette "github.com/ivov/lisette/prelude"

func test() int {
	opt := lisette.MakeOptionSome(99)
	subject_1 := opt
	if subject_1.Tag != lisette.OptionSome {
		return 0
	}
	opt_2 := subject_1.SomeVal
	return opt_2
}
