---
source: tests/spec/emit/control_flow.rs
description: "input: \nstruct Point { x: int, y: int }\n\nfn test() -> int {\n  let p = Point { x: 10, y: 20 };\n  let Point { x, .. } = p;\n  x\n}\n"
---
package main

type Point struct {
	x int
	y int
}

func test() int {
	p := Point{
		x: 10,
		y: 20,
	}
	x := p.x
	return x
}
