---
source: tests/spec/emit/partial.rs
description: |
  
  fn pair<A, B>(a: A, b: B) -> Partial<(A, B), error> {
    Partial.Ok((a, b))
  }
  
  fn test() {
    match pair<int, string>(1, "x") {
      Partial.Ok((first, second)) => {
        let _ = first
        let _ = second
      },
      Partial.Err(e) => {
        let _ = e
      },
      Partial.Both((first, second), e) => {
        let _ = first
        let _ = second
        let _ = e
      },
    }
  }
---
package main

import lisette "github.com/ivov/lisette/prelude"

func pair[A any, B any](a A, b B) (lisette.Tuple2[A, B], error) {
	return lisette.MakeTuple2(a, b), nil
}

func test() {
	ret_2, ret_3 := pair[int, string](1, "x")
	var result_4 lisette.Partial[lisette.Tuple2[int, string], error]
	if ret_3 != nil {
		result_4 = lisette.MakePartialBoth[lisette.Tuple2[int, string], error](ret_2, ret_3)
	} else {
		result_4 = lisette.MakePartialOk[lisette.Tuple2[int, string], error](ret_2)
	}
	subject_1 := result_4
	switch subject_1.Tag {
	case lisette.PartialOk:
		_ = subject_1.OkVal.First
		_ = subject_1.OkVal.Second
	case lisette.PartialErr:
		_ = subject_1.ErrVal
	default:
		_ = subject_1.OkVal.First
		_ = subject_1.OkVal.Second
		_ = subject_1.ErrVal
	}
}
