---
source: tests/spec/emit/control_flow.rs
description: |
  
  fn maybe(flag: bool) -> Option<int> {
    if flag { Some(42) } else { None }
  }
  
  fn test() -> int {
    let mut count = 0
    loop {
      count = count + 1
      if count > 5 { break }
      match count {
        1 => {
          let Some(v) = maybe(true) else { break }
          let _ = v
        },
        _ => {},
      }
    }
    count
  }
---
package main

import lisette "github.com/ivov/lisette/prelude"

func maybe(flag bool) (int, bool) {
	if flag {
		return 42, true
	}
	return *new(int), false
}

func test() int {
	count := 0
loop_1:
	for {
		count++
		if count > 5 {
			break loop_1
		}
		if count == 1 {
			option_3 := lisette.OptionFromCommaOk[int](maybe(true))
			subject_2 := option_3
			if subject_2.Tag != lisette.OptionSome {
				break loop_1
			}
			v := subject_2.SomeVal
			_ = v
		}
	}
	return count
}
