---
source: tests/spec/emit/types.rs
description: "input: \ntype Table<T> = Map<T, int>\n\nstruct Box<T> {\n  table: Table<T>,\n}\n\nfn main() {\n  let b = Box { table: Map.new<string, int>() }\n  let _ = b\n}\n"
---
package main

type Table[T comparable] = map[T]int

type Box[T comparable] struct {
	table Table[T]
}

func main() {
	b := Box[string]{table: make(map[string]int)}
	_ = b
}
