---
source: tests/spec/emit/expressions.rs
description: "input: \nstruct Box {\n  items: Slice<int>,\n}\n\nfn main() {\n  let mut m = Map.new<string, Box>()\n  m[\"a\"] = Box { items: [] }\n  let r = &m\n  let mut entry = r.*[\"a\"]\n  entry.items = entry.items.append(1)\n  r.*[\"a\"] = entry\n}\n"
---
package main

type Box struct {
	items []int
}

func main() {
	m := make(map[string]Box)
	m["a"] = Box{}
	r := &m
	entry := (*r)["a"]
	entry.items = append(entry.items, 1)
	base_1 := r
	(*base_1)["a"] = entry
}
