---
source: tests/spec/emit/types.rs
description: "input: \nfn score<T>() -> int {\n  if Map.new<T, int>().is_empty() {\n    1\n  } else {\n    0\n  }\n}\n\nfn main() {\n  let _ = score<int>()\n}\n"
---
package main

func score[T comparable]() int {
	if len(make(map[T]int)) == 0 {
		return 1
	}
	return 0
}

func main() {
	_ = score[int]()
}
