---
source: tests/spec/emit/control_flow.rs
description: "input: \nstruct P { v: int }\nfn test() {\n  let p = P { v: 1 }\n  let _ = match p {\n    P { v } => (),\n  }\n}\n"
---
package main

type P struct {
	v int
}

func test() {
	p := P{v: 1}
	var tmp_1 struct{}
	_ = p
	tmp_1 = struct{}{}
	_ = tmp_1
}
