---
source: tests/spec/emit/control_flow.rs
description: "input: \nstruct P { v: int }\nfn test() {\n  let out = recover {\n    let p = P { v: 1 }\n    match p { P { v } => () }\n  }\n  let _ = out\n}\n"
---
package main

import lisette "github.com/ivov/lisette/prelude"

type P struct {
	v int
}

func test() {
	recoverResult_1 := lisette.RecoverBlock(func() struct{} {
		p := P{v: 1}
		_ = p
		return struct{}{}
	})
	out := recoverResult_1
	_ = out
}
