---
source: tests/spec/emit/control_flow.rs
description: |
  
  fn test() -> int {
    let pair = (10, 20);
    let first = match pair {
      (a, b) => a + b,
    };
  
    let nested = ((1, 2), (3, 4));
    let second = match nested {
      ((a, b), (c, d)) => a + b + c + d,
    };
  
    first + second
  }
---
package main

import lisette "github.com/ivov/lisette/prelude"

func test() int {
	pair := lisette.MakeTuple2(10, 20)
	var first int
	first = pair.First + pair.Second
	nested := lisette.MakeTuple2(lisette.MakeTuple2(1, 2), lisette.MakeTuple2(3, 4))
	var second int
	second = nested.First.First + nested.First.Second + nested.Second.First + nested.Second.Second
	return first + second
}
