---
source: tests/spec/emit/control_flow.rs
description: "input: \nfn test(opt: Option<int>) -> string {\n  match opt {\n    Some(x) if x > 0 => \"positive\",\n    Some(x) if x < 0 => \"negative\",\n    Some(_) => \"zero\",\n    None => \"none\",\n  }\n}\n"
---
package main

import lisette "github.com/ivov/lisette/prelude"

func test(opt lisette.Option[int]) string {
	subject_1 := opt
	if subject_1.Tag == lisette.OptionSome {
		x := subject_1.SomeVal
		if x > 0 {
			return "positive"
		}
		if x < 0 {
			return "negative"
		}
		return "zero"
	}
	return "none"
}
