---
source: tests/spec/emit/functions.rs
description: "input: \nstruct Point { x: int, y: int }\n\nimpl Point {\n  fn get_x(self: Point) -> int {\n    self.x\n  }\n}\n\nfn test(p: Point) -> int {\n  p.get_x()\n}\n"
---
package main

type Point struct {
	x int
	y int
}

func (p Point) get_x() int {
	return p.x
}

func test(p Point) int {
	return p.get_x()
}
