---
source: tests/spec/emit/result_option_patterns.rs
description: "input: \nfn die() -> Never { panic(\"dead\") }\n\nfn test(flag: bool) -> Result<int, string> {\n  if flag {\n    try {\n      let _ = Ok(1)?;\n      die()\n    }\n  } else {\n    Ok(42)\n  }\n}\n"
---
package main

import lisette "github.com/ivov/lisette/prelude"

func die() struct{} {
	panic("dead")
}

func test(flag bool) lisette.Result[int, string] {
	var tmp_1 lisette.Result[int, string]
	if flag {
		tryResult_2 := func() lisette.Result[int, string] {
			check_3 := lisette.MakeResultOk[int, string](1)
			if check_3.Tag != lisette.ResultOk {
				return lisette.MakeResultErr[int, string](check_3.ErrVal)
			}
			die()
			panic("unreachable")
		}()
		tmp_1 = tryResult_2
	} else {
		tmp_1 = lisette.MakeResultOk[int, string](42)
	}
	return tmp_1
}
