---
source: tests/spec/emit/patterns.rs
description: "input: \nimport \"go:example.com/events\"\n\nfn describe(e: events.Event) -> int {\n  match e {\n    events.Token(s) => s.length(),\n    _ => 0,\n  }\n}\n"
---
package main

import "example.com/events"

func describe(e events.Event) int {
	switch e := e.(type) {
	case events.Token:
		return len(string(e))
	default:
		return 0
	}
}
