---
source: tests/spec/emit/control_flow.rs
description: "input: \nenum E { A(int), B(int) }\n\nfn test(e: E) -> int {\n  match e {\n    A(x) | B(x) => x,\n  }\n}\n"
---
package main

import "fmt"

func MakeEA(arg0 int) E {
	return E{Tag: EA, A: arg0}
}

func MakeEB(arg0 int) E {
	return E{Tag: EB, B: arg0}
}

type ETag int

const (
	EA ETag = iota
	EB
)

type E struct {
	Tag ETag
	A   int
	B   int
}

func (e E) String() string {
	switch e.Tag {
	case EA:
		return fmt.Sprintf("A(%v)", e.A)
	case EB:
		return fmt.Sprintf("B(%v)", e.B)
	default:
		return fmt.Sprintf("E(%d)", e.Tag)
	}
}

func (e E) GoString() string {
	switch e.Tag {
	case EA:
		return fmt.Sprintf("E.A(%v)", e.A)
	case EB:
		return fmt.Sprintf("E.B(%v)", e.B)
	default:
		return fmt.Sprintf("E(%d)", e.Tag)
	}
}

func test(e E) int {
	if e.Tag == EA {
		return e.A
	}
	return e.B
}
