---
source: tests/spec/emit/control_flow.rs
description: "input: \nenum Status { Pending, Running, Complete, Failed }\n\nfn test(s: Status) -> string {\n  match s {\n    Pending | Running => \"in progress\",\n    Complete | Failed => \"finished\",\n  }\n}\n"
---
package main

import "fmt"

func MakeStatusPending() Status {
	return Status{Tag: StatusPending}
}

func MakeStatusRunning() Status {
	return Status{Tag: StatusRunning}
}

func MakeStatusComplete() Status {
	return Status{Tag: StatusComplete}
}

func MakeStatusFailed() Status {
	return Status{Tag: StatusFailed}
}

type StatusTag int

const (
	StatusPending StatusTag = iota
	StatusRunning
	StatusComplete
	StatusFailed
)

type Status struct {
	Tag StatusTag
}

func (s Status) String() string {
	switch s.Tag {
	case StatusPending:
		return "Pending"
	case StatusRunning:
		return "Running"
	case StatusComplete:
		return "Complete"
	case StatusFailed:
		return "Failed"
	default:
		return fmt.Sprintf("Status(%d)", s.Tag)
	}
}

func (s Status) GoString() string {
	switch s.Tag {
	case StatusPending:
		return "Status.Pending"
	case StatusRunning:
		return "Status.Running"
	case StatusComplete:
		return "Status.Complete"
	case StatusFailed:
		return "Status.Failed"
	default:
		return fmt.Sprintf("Status(%d)", s.Tag)
	}
}

func test(s Status) string {
	if s.Tag == StatusPending || s.Tag == StatusRunning {
		return "in progress"
	}
	return "finished"
}
