---
source: tests/spec/emit/control_flow.rs
description: "input: \nenum Color { Red, Green, Blue }\n\nfn test(c: Color) -> string {\n  match c {\n    Red | Green => \"warm\",\n    Blue => \"cool\",\n  }\n}\n"
---
package main

import "fmt"

func MakeColorRed() Color {
	return Color{Tag: ColorRed}
}

func MakeColorGreen() Color {
	return Color{Tag: ColorGreen}
}

func MakeColorBlue() Color {
	return Color{Tag: ColorBlue}
}

type ColorTag int

const (
	ColorRed ColorTag = iota
	ColorGreen
	ColorBlue
)

type Color struct {
	Tag ColorTag
}

func (c Color) String() string {
	switch c.Tag {
	case ColorRed:
		return "Red"
	case ColorGreen:
		return "Green"
	case ColorBlue:
		return "Blue"
	default:
		return fmt.Sprintf("Color(%d)", c.Tag)
	}
}

func (c Color) GoString() string {
	switch c.Tag {
	case ColorRed:
		return "Color.Red"
	case ColorGreen:
		return "Color.Green"
	case ColorBlue:
		return "Color.Blue"
	default:
		return fmt.Sprintf("Color(%d)", c.Tag)
	}
}

func test(c Color) string {
	if c.Tag == ColorRed || c.Tag == ColorGreen {
		return "warm"
	}
	return "cool"
}
