---
source: tests/spec/emit/result_option_patterns.rs
description: |
  
  import "go:strconv"
  
  fn parse(s: string) -> Result<int, error> {
    strconv.Atoi(s)
  }
  
  fn process() -> Result<int, error> {
    let x = 42
    let x = parse(f"{x}")?
    Ok(x + 1)
  }
---
package main

import (
	"fmt"
	lisette "github.com/ivov/lisette/prelude"
	"strconv"
)

func parse(s string) (int, error) {
	return strconv.Atoi(s)
}

func process() (int, error) {
	x := 42
	ret_2, ret_3 := parse(fmt.Sprint(x))
	var result_4 lisette.Result[int, error]
	if ret_3 != nil {
		result_4 = lisette.MakeResultErr[int, error](ret_3)
	} else {
		result_4 = lisette.MakeResultOk[int, error](ret_2)
	}
	check_5 := result_4
	if check_5.Tag != lisette.ResultOk {
		return *new(int), check_5.ErrVal
	}
	x_1 := check_5.OkVal
	return x_1 + 1, nil
}
