---
source: tests/spec/emit/recover.rs
description: "input: \nfn test() {\n  let result = recover { panic(\"boom\") };\n  match result {\n    Ok(v) => v,\n    Err(_) => {},\n  }\n}\n"
---
package main

import lisette "github.com/ivov/lisette/prelude"

func test() {
	recoverResult_1 := lisette.RecoverBlock(func() struct{} {
		panic("boom")
	})
	if recoverResult_1.Tag == lisette.ResultOk {
	}
}
