---
source: tests/spec/emit/recover.rs
description: "input: \nfn panicky() -> int {\n  let arr: Slice<int> = [];\n  arr[0]\n}\n\nfn test() {\n  let result = recover { panicky() };\n}\n"
---
package main

import lisette "github.com/ivov/lisette/prelude"

func panicky() int {
	arr := ([]int)(nil)
	return arr[0]
}

func test() {
	recoverResult_1 := lisette.RecoverBlock(func() int {
		return panicky()
	})
	_ = recoverResult_1
}
