---
source: tests/spec/emit/types.rs
description: "input: \nenum List {\n  Cons(int, List),\n  Nil,\n}\n\nfn list_sum(l: List) -> int {\n  match l {\n    List.Cons(head, tail) => head + list_sum(tail),\n    List.Nil => 0,\n  }\n}\n"
---
package main

func MakeListCons(arg0 int, arg1 *List) List {
	return List{Tag: ListCons, Cons0: arg0, Cons1: arg1}
}

func MakeListNil() List {
	return List{Tag: ListNil}
}

type ListTag int

const (
	ListCons ListTag = iota
	ListNil
)

type List struct {
	Tag   ListTag
	Cons0 int
	Cons1 *List
}

func list_sum(l List) int {
	if l.Tag == ListCons {
		return l.Cons0 + list_sum((*l.Cons1))
	}
	return 0
}
