---
source: tests/spec/emit/functions.rs
description: "input: \nenum List {\n  Nil,\n  Cons(int, List),\n}\n\nfn main() {\n  let make = List.Cons\n  let xs = make(1, List.Nil)\n  let _ = xs\n}\n"
---
package main

func MakeListNil() List {
	return List{Tag: ListNil}
}

func MakeListCons(arg0 int, arg1 *List) List {
	return List{Tag: ListCons, Cons0: arg0, Cons1: arg1}
}

type ListTag int

const (
	ListNil ListTag = iota
	ListCons
)

type List struct {
	Tag   ListTag
	Cons0 int
	Cons1 *List
}

func main() {
	make_ := MakeListCons
	ptr_1 := MakeListNil()
	xs := make_(1, &ptr_1)
	_ = xs
}
