---
source: tests/spec/emit/types.rs
description: "input: \nenum Marker {\n  Value,\n}\n\nfn test() -> Marker {\n  Marker.Value\n}\n"
---
package main

func MakeMarkerValue() Marker {
	return Marker{Tag: MarkerValue}
}

type MarkerTag int

const (
	MarkerValue MarkerTag = iota
)

type Marker struct {
	Tag MarkerTag
}

func test() Marker {
	return MakeMarkerValue()
}
