---
source: tests/spec/emit/prelude.rs
description: |
  
  fn test(items: Slice<string>) -> string {
    items
      .map(|s| s + "!")
      .filter(|s| s.length() > 2)
      .join(", ")
  }
---
package main

import (
	lisette "github.com/ivov/lisette/prelude"
	"strings"
)

func test(items []string) string {
	return strings.Join(lisette.SliceFilter(lisette.SliceMap(items, func(s string) string {
		return s + "!"
	}), func(s string) bool {
		return len(s) > 2
	}), ", ")
}
