---
source: tests/spec/emit/patterns.rs
description: "input: \nenum E { A(Slice<int>), B(Slice<int>) }\n\nfn test(e: E) -> int {\n  let A([first, ..rest]) | B([first, ..rest]) = e else { return 0; };\n  first\n}\n"
---
package main

import "fmt"

func MakeEA(arg0 []int) E {
	return E{Tag: EA, A: arg0}
}

func MakeEB(arg0 []int) E {
	return E{Tag: EB, B: arg0}
}

type ETag int

const (
	EA ETag = iota
	EB
)

type E struct {
	Tag ETag
	A   []int
	B   []int
}

func (e E) String() string {
	switch e.Tag {
	case EA:
		return fmt.Sprintf("A(%v)", e.A)
	case EB:
		return fmt.Sprintf("B(%v)", e.B)
	default:
		return fmt.Sprintf("E(%d)", e.Tag)
	}
}

func (e E) GoString() string {
	switch e.Tag {
	case EA:
		return fmt.Sprintf("E.A(%v)", e.A)
	case EB:
		return fmt.Sprintf("E.B(%v)", e.B)
	default:
		return fmt.Sprintf("E(%d)", e.Tag)
	}
}

func test(e E) int {
	var first int
	if e.Tag == EA && len(e.A) >= 1 {
		first = e.A[0]
	} else if e.Tag == EB && len(e.B) >= 1 {
		first = e.B[0]
	} else {
		return 0
	}
	return first
}
