---
source: tests/spec/emit/types.rs
description: "input: \n#[json(omitempty)]\nstruct User {\n  name: string,\n  email: Option<string>,\n}\n"
---
package main

import lisette "github.com/ivov/lisette/prelude"

type User struct {
	Name  string                 `json:"name,omitempty"`
	Email lisette.Option[string] `json:"email,omitempty,omitzero"`
}
