---
source: tests/spec/emit/types.rs
description: "input: \n#[json(snake_case)]\nstruct User {\n  first_name: string,\n  last_name: string,\n}\n"
---
package main

import "fmt"

type User struct {
	FirstName string `json:"first_name"`
	LastName  string `json:"last_name"`
}

func (u User) String() string {
	return fmt.Sprintf("User { first_name: %v, last_name: %v }", u.FirstName, u.LastName)
}
