---
source: tests/spec/emit/patterns.rs
description: "input: \nenum Side { Left, Right }\nstruct Pair { a: Side, b: Side }\n\nfn classify(p: Pair) -> int {\n  match p {\n    Pair { a: Side.Left, b: Side.Left } => 1,\n    Pair { a: Side.Right, b: Side.Right } => 2,\n    _ => 0,\n  }\n}\n"
---
package main

import "fmt"

func MakeSideLeft() Side {
	return Side{Tag: SideLeft}
}

func MakeSideRight() Side {
	return Side{Tag: SideRight}
}

type SideTag int

const (
	SideLeft SideTag = iota
	SideRight
)

type Side struct {
	Tag SideTag
}

func (s Side) String() string {
	switch s.Tag {
	case SideLeft:
		return "Left"
	case SideRight:
		return "Right"
	default:
		return fmt.Sprintf("Side(%d)", s.Tag)
	}
}

func (s Side) GoString() string {
	switch s.Tag {
	case SideLeft:
		return "Side.Left"
	case SideRight:
		return "Side.Right"
	default:
		return fmt.Sprintf("Side(%d)", s.Tag)
	}
}

type Pair struct {
	a Side
	b Side
}

func (p Pair) String() string {
	return fmt.Sprintf("Pair { a: %v, b: %v }", p.a, p.b)
}

func classify(p Pair) int {
	switch p.a.Tag {
	case SideLeft:
		if p.b.Tag == SideLeft {
			return 1
		}
		return 0
	case SideRight:
		if p.b.Tag == SideRight {
			return 2
		}
		return 0
	default:
		return 0
	}
}
