---
source: tests/spec/emit/go_interface_adapter.rs
description: "input: \nimport \"go:example.com/tea\"\n\nstruct Model {}\n\nimpl Model {\n  fn Init(self) -> Option<tea.Cmd> {\n    None\n  }\n  fn Update(self, msg: tea.Msg) -> (tea.Model, Option<tea.Cmd>) {\n    (self, Some(tea.Quit))\n  }\n  fn View(self) -> string {\n    \"\"\n  }\n}\n\nfn main() {\n  let _ = tea.NewProgram(Model {} as tea.Model)\n}\n"
---
package main

import (
	"example.com/tea"
	lisette "github.com/ivov/lisette/prelude"
)

type Model struct{}

func (m Model) String() string {
	return "Model"
}

func (m Model) Init() lisette.Option[tea.Cmd] {
	return lisette.MakeOptionNone[tea.Cmd]()
}

func (m Model) Update(_ tea.Msg) lisette.Tuple2[tea.Model, lisette.Option[tea.Cmd]] {
	return lisette.MakeTuple2[tea.Model, lisette.Option[tea.Cmd]](_lisAdapter_Model_Model_0{inner: m}, lisette.MakeOptionSome[tea.Cmd](tea.Quit))
}

func (m Model) View() string {
	return ""
}

func main() {
	_ = tea.NewProgram(_lisAdapter_Model_Model_0{inner: Model{}})
}

type _lisAdapter_Model_Model_0 struct {
	inner Model
}

func (a _lisAdapter_Model_Model_0) View() string {
	return a.inner.View()
}

func (a _lisAdapter_Model_Model_0) Init() tea.Cmd {
	opt_1 := a.inner.Init()
	if opt_1.Tag == lisette.OptionSome {
		return opt_1.SomeVal
	}
	return nil
}

func (a _lisAdapter_Model_Model_0) Update(arg0 tea.Msg) (tea.Model, tea.Cmd) {
	tup_2 := a.inner.Update(arg0)
	sub_4 := func() tea.Cmd {
		opt_3 := tup_2.Second
		if opt_3.Tag == lisette.OptionSome {
			return opt_3.SomeVal
		}
		return nil
	}()
	return tup_2.First, sub_4
}
