---
source: tests/spec/emit/types.rs
description: "input: \nstruct UserId(int)\n\nimpl UserId {\n  fn String(self) -> string {\n    \"custom\"\n  }\n}\n\nfn main() {\n  let u = UserId(1)\n  let _ = u\n}\n"
---
package main

type UserId int

func (u UserId) String() string {
	return "custom"
}

func main() {
	u := UserId(1)
	_ = u
}
