---
source: tests/spec/emit/types.rs
description: "input: \nenum Color {\n  Red,\n  Green,\n  Blue,\n}\n\ntype MyColor = Color\n\nfn test() -> MyColor {\n  MyColor.Red\n}\n"
---
package main

func MakeColorRed() Color {
	return Color{Tag: ColorRed}
}

func MakeColorGreen() Color {
	return Color{Tag: ColorGreen}
}

func MakeColorBlue() Color {
	return Color{Tag: ColorBlue}
}

type ColorTag int

const (
	ColorRed ColorTag = iota
	ColorGreen
	ColorBlue
)

type Color struct {
	Tag ColorTag
}

type MyColor = Color

func test() MyColor {
	return MakeColorRed()
}
