---
source: tests/spec/emit/types.rs
description: "input: \ninterface Printable {\n  fn text(self) -> string\n}\n\nstruct A {}\nstruct B {}\n\nimpl A { fn text(self) -> string { \"a\" } }\nimpl B { fn text(self) -> string { \"b\" } }\n\nfn test() {\n  let mut p: Printable = loop {\n    break A {}\n  }\n  p = B {}\n  let _ = p\n}\n"
---
package main

type Printable interface {
	text() string
}

type A struct{}

func (a A) String() string {
	return "A"
}

type B struct{}

func (b B) String() string {
	return "B"
}

func (a A) text() string {
	return "a"
}

func (b B) text() string {
	return "b"
}

func test() {
	var p Printable
	for {
		p = A{}
		break
	}
	p = B{}
	_ = p
}
