---
source: tests/spec/emit/types.rs
description: "input: \nstruct Inner { pub val: int }\n\ntype Wrapper = Inner\n\nstruct Outer { pub item: Wrapper }\n\nfn get_val(o: Outer) -> int {\n  o.item.val\n}\n"
---
package main

type Inner struct {
	Val int
}

type Wrapper = Inner

type Outer struct {
	Item Wrapper
}

func get_val(o Outer) int {
	return o.Item.Val
}
