---
source: tests/spec/emit/types.rs
description: "input: \nstruct Point { pub x: int, pub y: int }\n\ntype Location = Point\n\nfn get_x(loc: Location) -> int {\n  loc.x\n}\n"
---
package main

type Point struct {
	X int
	Y int
}

type Location = Point

func get_x(loc Location) int {
	return loc.X
}
