---
source: tests/spec/emit/result_option_patterns.rs
description: "input: \nfn noop() {}\n\nfn test() -> Result<(), string> {\n  let r: Result<(), string> = if true { Ok(noop()) } else { Ok(()) }\n  r\n}\n"
---
package main

import lisette "github.com/ivov/lisette/prelude"

func noop() {}

func test() lisette.Result[struct{}, string] {
	var r lisette.Result[struct{}, string]
	if true {
		noop()
		r = lisette.MakeResultOk[struct{}, string](struct{}{})
	} else {
		r = lisette.MakeResultOk[struct{}, string](struct{}{})
	}
	return r
}
