---
source: tests/spec/emit/expressions.rs
description: |
  
  fn do_nothing() {}
  
  fn main() {
    let t = (42, do_nothing())
    let _ = t.0
  }
---
package main

import lisette "github.com/ivov/lisette/prelude"

func do_nothing() {}

func main() {
	do_nothing()
	t := lisette.MakeTuple2(42, struct{}{})
	_ = t.First
}
