---
source: tests/spec/lex/mod.rs
description: //
---
LexResult {
    tokens: [
        Token {
            kind: Comment,
            text: "//",
            byte_offset: 0,
            byte_length: 2,
        },
        Token {
            kind: EOF,
            text: "",
            byte_offset: 2,
            byte_length: 0,
        },
    ],
    errors: [],
    trivia: Trivia {
        comments: [
            (
                0,
                2,
            ),
        ],
        doc_comments: [],
        blank_lines: [],
    },
}
