---
source: tests/spec/lex/mod.rs
description: "input: \"caf\\u{00E9}\""
---
LexResult {
    tokens: [
        Token {
            kind: String,
            text: "\"caf\\u{00E9}\"",
            byte_offset: 0,
            byte_length: 13,
        },
        Token {
            kind: EOF,
            text: "",
            byte_offset: 13,
            byte_length: 0,
        },
    ],
    errors: [],
    trivia: Trivia {
        comments: [],
        doc_comments: [],
        blank_lines: [],
    },
}
