---
source: tests/ui/lint/mod.rs
assertion_line: 8283
---
  [error] `#[tailcall]` on `count_down`: method-form recursion is not yet supported
    ╭─[test.lis:10:7]
  9 │     } else {
 10 │       Counter { n: self.n - 1 }.count_down(acc + 1)
    ·       ──────────────────────┬──────────────────────
    ·                             ╰── method-form self-call
 11 │     }
    ╰────
  help: Only direct calls like `name(...)` are recognized for tail-call optimization. Rewrite `receiver.name(...)` as a free function call, or remove `#[tailcall]` · code: [infer.tailcall_method_form_unsupported]
