---
source: tests/ui/lint/mod.rs
---
  [error] Loop condition never changes
   ╭─[test.lis:4:9]
 3 │   let done = false;
 4 │   while !done {
   ·         ──┬──
   ·           ╰── never changes
 5 │     let _ = done
   ╰────
  help: Nothing in the loop body changes this condition, so the loop either never runs or never terminates. Did you forget to update a variable, or mean to `break` out of the loop? · code: [infer.unchanging_loop_condition]
