---
source: tests/ui/lint/mod.rs
assertion_line: 4959
---
  [warning] Unknown attribute
   ╭─[test.lis:2:1]
 1 │ 
 2 │ #[foo]
   · ───┬──
   ·    ╰── not recognized
 3 │ enum Color {
   ╰────
  help: `foo` is not a recognized attribute. Known attributes: `#[json]`, `#[xml]`, `#[yaml]`, `#[toml]`, `#[db]`, `#[bson]`, `#[mapstructure]`, `#[msgpack]`, `#[tag]`, `#[allow]`, `#[iterate]`, `#[display]`, `#[tailcall]` · code: [lint.unknown_attribute]
