---
source: tests/ui/errors/mod.rs
---
  ✕ Cannot make a mutable binding to `d1`
   ╭─[test.lis:5:16]
 4 │ fn test(d1: Doc) {
 5 │   let mut d2 = d1
   ·                ─┬
   ·                 ╰── would be mutated implicitly
 6 │   d2.tags[0] = "y"
   ╰────
  help: Mutating `d2` would implicitly mutate `d1`. Either use `&d1` to take a reference or construct a new value to mutate independently · code: [infer.mut_binding_aliases]
