---
source: tests/ui/errors/mod.rs
---
  ✕ Invalid cast
   ╭─[test.lis:4:3]
 3 │   let x: int = 42;
 4 │   x as float64 as int
   ·   ─────────┬─────────
   ·            ╰── chained cast not allowed
 5 │ }
   ╰────
  help: Use an intermediate variable if you need to cast through multiple types · code: [infer.chained_cast]
