---
source: tests/ui/errors/mod.rs
---
  ✕ Cannot make a mutable binding to `o1`
   ╭─[test.lis:3:16]
 2 │ fn test(o1: Option<Slice<int>>) {
 3 │   let mut o2 = o1
   ·                ─┬
   ·                 ╰── would be mutated implicitly
 4 │   o2 = None
   ╰────
  help: Mutating `o2` would implicitly mutate `o1`. Either use `&o1` to take a reference or construct a new value to mutate independently · code: [infer.mut_binding_aliases]
