---
source: tests/ui/errors/mod.rs
---
  [error] Invalid import
   ╭─[main.lis:3:8]
 2 │ import u "utils"
 3 │ import _ "utils"
   ·        ┬
   ·        ╰── only allowed for Go modules
 4 │ 
   ╰────
  help: Remove the underscore. Blank imports are allowed only for Go imports, because Lisette modules have no `init()` side effects · code: [resolve.blank_import_non_go]
