---
source: tests/ui/errors/mod.rs
---
  ✕ Variant not found
    ╭─[test.lis:10:5]
  9 │   match s {
 10 │     ZERO => 0,
    ·     ──┬─
    ·       ╰── not found
 11 │     _ => 1,
    ╰────
  help: Check that the variant is defined in the enum and spelled correctly · code: [resolve.variant_not_found]
