---
source: tests/ui/errors/mod.rs
---
  ✕ Interface not implemented
    ╭─[test.lis:19:14]
 18 │ fn test() {
 19 │   use_writer(File { path: "test.txt" })
    ·              ────────────┬────────────
    ·                          ╰── `File` does not implement `Writer`
 20 │ }
    ╰────
  help: Incompatible methods:
          From `Writer`
            - write: expected `fn (string) -> int`, found `fn () -> int`
        code: [infer.interface_not_implemented]
