---
source: tests/ui/errors/mod.rs
---
  [error] Bound not satisfied
   ╭─[test.lis:7:20]
 6 │ fn test() {
 7 │   requires_ordered(true)
   ·                    ──┬─
   ·                      ╰── `bool` does not satisfy `cmp.Ordered`
 8 │ }
   ╰────
  help: The type parameter `T` requires `cmp.Ordered`; only integers, floats, and strings (and their named aliases) satisfy it · code: [infer.not_orderable_bound]
