---
source: tests/ui/errors/mod.rs
---
  [error] Reserved keyword
   ╭─[test.lis:5:10]
 4 │   match x {
 5 │     Some(type) => 0,
   ·          ──┬─
   ·            ╰── reserved keyword
 6 │     None => 0,
   ╰────
  help: Rename this binding. `type` is a keyword reserved for declaring named types · code: [parse.keyword_as_binding]
