---
source: tests/ui/errors/mod.rs
---
  [error] Reserved keyword
   ╭─[test.lis:3:7]
 2 │ fn main() {
 3 │   let select = "SELECT * FROM users"
   ·       ───┬──
   ·          ╰── reserved keyword
 4 │ }
   ╰────
  help: Rename this binding. `select` is a keyword reserved for waiting on multiple channel operations · code: [parse.keyword_as_binding]
